第 1 帧: 线上 42 字节 (336 比特)，已捕获 42 字节 (336 比特)
    封装类型: Ethernet (1)
    到达时间: 1970-01-12 13:46:40.000000
    时间戳: 1000000.000000000
    相对首帧: 0.000000000 秒
    帧号: 1
    帧长度: 42 字节 (336 比特)
    捕获长度: 42 字节 (336 比特)
    协议栈: ethernet:ethertype:arp
以太网 II, 源: aa:aa:aa:aa:aa:aa, 目的: ff:ff:ff:ff:ff:00
    目的地址: ff:ff:ff:ff:ff:00
    源地址: aa:aa:aa:aa:aa:aa
    类型: ARP (0x0806)
ARP: 请求 (1)
    硬件类型: 0x0001
    协议类型: 0x0800
    硬件地址长度: 6
    协议地址长度: 4
    操作码: 请求 (1)
    发送方 MAC: aa:aa:aa:aa:aa:aa
    发送方 IP: 10.0.0.5
    目标 MAC: ff:ff:ff:ff:ff:00
    目标 IP: 10.0.0.1
    摘要: 谁是 10.0.0.1？告诉 10.0.0.5
帧数据
    0000  ff ff ff ff ff ff 02 02  02 02 02 02 08 06 00 01   ................
    0010  08 00 06 04 00 01 aa aa  aa aa aa aa 0a 00 00 05   ................
    0020  ff ff ff ff ff 00 0a 00  00 01           ..........
